// Jest Snapshot v1, https://jestjs.io/docs/snapshot-testing

exports[`pruebas en Gifitem debe de ahcer match con el snapshot 1`] = `
<div>
  <div
    class="card"
  >
    <img
      alt="saitama"
      src="https://one puch.com/onetock.jpg"
    />
    <p>
      saitama
    </p>
  </div>
</div>
`;
